------------------------------------------------------------
TimeQuest Timing Analyzer Summary
------------------------------------------------------------

Type  : Slow 1200mV 85C Model Setup 'inst|altpll_component|auto_generated|pll1|clk[0]'
Slack : -3.046
TNS   : -9.844

Type  : Slow 1200mV 85C Model Setup 'MOUSE:inst2|MOUSE_CLK_FILTER'
Slack : -2.023
TNS   : -157.460

Type  : Slow 1200mV 85C Model Hold 'inst|altpll_component|auto_generated|pll1|clk[0]'
Slack : -0.186
TNS   : -0.186

Type  : Slow 1200mV 85C Model Hold 'MOUSE:inst2|MOUSE_CLK_FILTER'
Slack : -0.140
TNS   : -0.140

Type  : Slow 1200mV 85C Model Recovery 'MOUSE:inst2|MOUSE_CLK_FILTER'
Slack : 0.104
TNS   : 0.000

Type  : Slow 1200mV 85C Model Removal 'MOUSE:inst2|MOUSE_CLK_FILTER'
Slack : -0.149
TNS   : -2.109

Type  : Slow 1200mV 85C Model Minimum Pulse Width 'MOUSE:inst2|MOUSE_CLK_FILTER'
Slack : -1.000
TNS   : -92.000

Type  : Slow 1200mV 85C Model Minimum Pulse Width 'clk'
Slack : 9.825
TNS   : 0.000

Type  : Slow 1200mV 85C Model Minimum Pulse Width 'inst|altpll_component|auto_generated|pll1|clk[0]'
Slack : 19.755
TNS   : 0.000

Type  : Slow 1200mV 0C Model Setup 'inst|altpll_component|auto_generated|pll1|clk[0]'
Slack : -2.546
TNS   : -8.069

Type  : Slow 1200mV 0C Model Setup 'MOUSE:inst2|MOUSE_CLK_FILTER'
Slack : -1.756
TNS   : -133.546

Type  : Slow 1200mV 0C Model Hold 'inst|altpll_component|auto_generated|pll1|clk[0]'
Slack : -0.293
TNS   : -0.293

Type  : Slow 1200mV 0C Model Hold 'MOUSE:inst2|MOUSE_CLK_FILTER'
Slack : 0.089
TNS   : 0.000

Type  : Slow 1200mV 0C Model Recovery 'MOUSE:inst2|MOUSE_CLK_FILTER'
Slack : 0.023
TNS   : 0.000

Type  : Slow 1200mV 0C Model Removal 'MOUSE:inst2|MOUSE_CLK_FILTER'
Slack : 0.076
TNS   : 0.000

Type  : Slow 1200mV 0C Model Minimum Pulse Width 'MOUSE:inst2|MOUSE_CLK_FILTER'
Slack : -1.000
TNS   : -92.000

Type  : Slow 1200mV 0C Model Minimum Pulse Width 'clk'
Slack : 9.785
TNS   : 0.000

Type  : Slow 1200mV 0C Model Minimum Pulse Width 'inst|altpll_component|auto_generated|pll1|clk[0]'
Slack : 19.748
TNS   : 0.000

Type  : Fast 1200mV 0C Model Setup 'inst|altpll_component|auto_generated|pll1|clk[0]'
Slack : -1.637
TNS   : -5.122

Type  : Fast 1200mV 0C Model Setup 'MOUSE:inst2|MOUSE_CLK_FILTER'
Slack : -0.718
TNS   : -48.330

Type  : Fast 1200mV 0C Model Hold 'inst|altpll_component|auto_generated|pll1|clk[0]'
Slack : -0.137
TNS   : -0.137

Type  : Fast 1200mV 0C Model Hold 'MOUSE:inst2|MOUSE_CLK_FILTER'
Slack : -0.019
TNS   : -0.019

Type  : Fast 1200mV 0C Model Recovery 'MOUSE:inst2|MOUSE_CLK_FILTER'
Slack : 0.272
TNS   : 0.000

Type  : Fast 1200mV 0C Model Removal 'MOUSE:inst2|MOUSE_CLK_FILTER'
Slack : -0.014
TNS   : -0.070

Type  : Fast 1200mV 0C Model Minimum Pulse Width 'MOUSE:inst2|MOUSE_CLK_FILTER'
Slack : -1.000
TNS   : -92.000

Type  : Fast 1200mV 0C Model Minimum Pulse Width 'clk'
Slack : 9.585
TNS   : 0.000

Type  : Fast 1200mV 0C Model Minimum Pulse Width 'inst|altpll_component|auto_generated|pll1|clk[0]'
Slack : 19.783
TNS   : 0.000

------------------------------------------------------------
