------------------------------------------------------------
TimeQuest Timing Analyzer Summary
------------------------------------------------------------

Type  : Slow 1200mV 85C Model Setup 'inst|altpll_component|auto_generated|pll1|clk[0]'
Slack : -2.767
TNS   : -3.493

Type  : Slow 1200mV 85C Model Setup 'MOUSE:inst2|MOUSE_CLK_FILTER'
Slack : -1.232
TNS   : -17.041

Type  : Slow 1200mV 85C Model Hold 'inst|altpll_component|auto_generated|pll1|clk[0]'
Slack : -0.183
TNS   : -0.183

Type  : Slow 1200mV 85C Model Hold 'MOUSE:inst2|MOUSE_CLK_FILTER'
Slack : 0.046
TNS   : 0.000

Type  : Slow 1200mV 85C Model Recovery 'MOUSE:inst2|MOUSE_CLK_FILTER'
Slack : -0.043
TNS   : -0.484

Type  : Slow 1200mV 85C Model Removal 'MOUSE:inst2|MOUSE_CLK_FILTER'
Slack : 0.049
TNS   : 0.000

Type  : Slow 1200mV 85C Model Minimum Pulse Width 'MOUSE:inst2|MOUSE_CLK_FILTER'
Slack : -1.000
TNS   : -16.000

Type  : Slow 1200mV 85C Model Minimum Pulse Width 'clk'
Slack : 9.825
TNS   : 0.000

Type  : Slow 1200mV 85C Model Minimum Pulse Width 'inst|altpll_component|auto_generated|pll1|clk[0]'
Slack : 19.755
TNS   : 0.000

Type  : Slow 1200mV 0C Model Setup 'inst|altpll_component|auto_generated|pll1|clk[0]'
Slack : -2.286
TNS   : -2.767

Type  : Slow 1200mV 0C Model Setup 'MOUSE:inst2|MOUSE_CLK_FILTER'
Slack : -0.998
TNS   : -13.735

Type  : Slow 1200mV 0C Model Hold 'inst|altpll_component|auto_generated|pll1|clk[0]'
Slack : -0.289
TNS   : -0.289

Type  : Slow 1200mV 0C Model Hold 'MOUSE:inst2|MOUSE_CLK_FILTER'
Slack : 0.259
TNS   : 0.000

Type  : Slow 1200mV 0C Model Recovery 'MOUSE:inst2|MOUSE_CLK_FILTER'
Slack : -0.134
TNS   : -1.934

Type  : Slow 1200mV 0C Model Removal 'MOUSE:inst2|MOUSE_CLK_FILTER'
Slack : 0.262
TNS   : 0.000

Type  : Slow 1200mV 0C Model Minimum Pulse Width 'MOUSE:inst2|MOUSE_CLK_FILTER'
Slack : -1.000
TNS   : -16.000

Type  : Slow 1200mV 0C Model Minimum Pulse Width 'clk'
Slack : 9.785
TNS   : 0.000

Type  : Slow 1200mV 0C Model Minimum Pulse Width 'inst|altpll_component|auto_generated|pll1|clk[0]'
Slack : 19.748
TNS   : 0.000

Type  : Fast 1200mV 0C Model Setup 'inst|altpll_component|auto_generated|pll1|clk[0]'
Slack : -1.452
TNS   : -1.697

Type  : Fast 1200mV 0C Model Setup 'MOUSE:inst2|MOUSE_CLK_FILTER'
Slack : -0.242
TNS   : -2.485

Type  : Fast 1200mV 0C Model Hold 'inst|altpll_component|auto_generated|pll1|clk[0]'
Slack : -0.135
TNS   : -0.135

Type  : Fast 1200mV 0C Model Hold 'MOUSE:inst2|MOUSE_CLK_FILTER'
Slack : 0.114
TNS   : 0.000

Type  : Fast 1200mV 0C Model Recovery 'MOUSE:inst2|MOUSE_CLK_FILTER'
Slack : 0.161
TNS   : 0.000

Type  : Fast 1200mV 0C Model Removal 'MOUSE:inst2|MOUSE_CLK_FILTER'
Slack : 0.099
TNS   : 0.000

Type  : Fast 1200mV 0C Model Minimum Pulse Width 'MOUSE:inst2|MOUSE_CLK_FILTER'
Slack : -1.000
TNS   : -16.000

Type  : Fast 1200mV 0C Model Minimum Pulse Width 'clk'
Slack : 9.585
TNS   : 0.000

Type  : Fast 1200mV 0C Model Minimum Pulse Width 'inst|altpll_component|auto_generated|pll1|clk[0]'
Slack : 19.784
TNS   : 0.000

------------------------------------------------------------
