------------------------------------------------------------
TimeQuest Timing Analyzer Summary
------------------------------------------------------------

Type  : Slow 1200mV 85C Model Setup 'inst2|altpll_component|auto_generated|pll1|clk[0]'
Slack : -4.205
TNS   : -11.982

Type  : Slow 1200mV 85C Model Setup 'VGA_SYNC:inst3|pixel_column[5]'
Slack : -0.253
TNS   : -0.485

Type  : Slow 1200mV 85C Model Hold 'VGA_SYNC:inst3|pixel_column[5]'
Slack : -3.468
TNS   : -22.910

Type  : Slow 1200mV 85C Model Hold 'inst2|altpll_component|auto_generated|pll1|clk[0]'
Slack : 0.358
TNS   : 0.000

Type  : Slow 1200mV 85C Model Minimum Pulse Width 'VGA_SYNC:inst3|pixel_column[5]'
Slack : 0.421
TNS   : 0.000

Type  : Slow 1200mV 85C Model Minimum Pulse Width 'clk'
Slack : 9.825
TNS   : 0.000

Type  : Slow 1200mV 85C Model Minimum Pulse Width 'inst2|altpll_component|auto_generated|pll1|clk[0]'
Slack : 19.737
TNS   : 0.000

Type  : Slow 1200mV 0C Model Setup 'inst2|altpll_component|auto_generated|pll1|clk[0]'
Slack : -3.517
TNS   : -10.031

Type  : Slow 1200mV 0C Model Setup 'VGA_SYNC:inst3|pixel_column[5]'
Slack : -0.297
TNS   : -0.769

Type  : Slow 1200mV 0C Model Hold 'VGA_SYNC:inst3|pixel_column[5]'
Slack : -2.970
TNS   : -18.976

Type  : Slow 1200mV 0C Model Hold 'inst2|altpll_component|auto_generated|pll1|clk[0]'
Slack : 0.312
TNS   : 0.000

Type  : Slow 1200mV 0C Model Minimum Pulse Width 'VGA_SYNC:inst3|pixel_column[5]'
Slack : 0.370
TNS   : 0.000

Type  : Slow 1200mV 0C Model Minimum Pulse Width 'clk'
Slack : 9.785
TNS   : 0.000

Type  : Slow 1200mV 0C Model Minimum Pulse Width 'inst2|altpll_component|auto_generated|pll1|clk[0]'
Slack : 19.743
TNS   : 0.000

Type  : Fast 1200mV 0C Model Setup 'inst2|altpll_component|auto_generated|pll1|clk[0]'
Slack : -2.064
TNS   : -5.908

Type  : Fast 1200mV 0C Model Setup 'VGA_SYNC:inst3|pixel_column[5]'
Slack : 0.271
TNS   : 0.000

Type  : Fast 1200mV 0C Model Hold 'VGA_SYNC:inst3|pixel_column[5]'
Slack : -2.112
TNS   : -14.574

Type  : Fast 1200mV 0C Model Hold 'inst2|altpll_component|auto_generated|pll1|clk[0]'
Slack : 0.187
TNS   : 0.000

Type  : Fast 1200mV 0C Model Minimum Pulse Width 'VGA_SYNC:inst3|pixel_column[5]'
Slack : 0.425
TNS   : 0.000

Type  : Fast 1200mV 0C Model Minimum Pulse Width 'clk'
Slack : 9.585
TNS   : 0.000

Type  : Fast 1200mV 0C Model Minimum Pulse Width 'inst2|altpll_component|auto_generated|pll1|clk[0]'
Slack : 19.748
TNS   : 0.000

------------------------------------------------------------
